<testsuites id="" name="" tests="6" failures="2" skipped="0" errors="0" time="6.375316">
<testsuite name="excelManipulation.spec.js" timestamp="2024-02-18T16:22:29.114Z" hostname="chromium" tests="2" failures="0" skipped="0" time="0.558" errors="0">
<testcase name="Read excel file contents" classname="excelManipulation.spec.js" time="0.239">
<system-out>
<![CDATA[[
  {
    username: [32m'U1'[39m,
    password: [32m'P1'[39m,
    firstname: [32m'TestFN1'[39m,
    lastname: [32m'TestLN1'[39m,
    address: [32m'Test ADDR1'[39m,
    postalcode: [33m123456[39m
  },
  {
    username: [32m'U2'[39m,
    password: [32m'P2'[39m,
    firstname: [32m'TestFN2'[39m,
    lastname: [32m'TestLN2'[39m,
    address: [32m'Test ADDR2'[39m,
    postalcode: [33m549875[39m
  },
  {
    username: [32m'U3'[39m,
    password: [32m'P3'[39m,
    firstname: [32m'TestFN3'[39m,
    lastname: [32m'TestLN3'[39m,
    address: [32m'Test ADDR3'[39m,
    postalcode: [33m473865[39m
  },
  {
    username: [32m'U4'[39m,
    password: [32m'P4'[39m,
    firstname: [32m'TestFN4'[39m,
    lastname: [32m'TestLN4'[39m,
    address: [32m'Test ADDR4'[39m,
    postalcode: [33m847533[39m
  },
  {
    username: [32m'U5'[39m,
    password: [32m'P5'[39m,
    firstname: [32m'TestFN5'[39m,
    lastname: [32m'TestLN5'[39m,
    address: [32m'Test ADDR5'[39m,
    postalcode: [33m548765[39m
  }
]
U1:P1
U2:P2
U3:P3
[33m3[39m
U3 present at index 3
]]>
</system-out>
</testcase>
<testcase name="Write excel file contents" classname="excelManipulation.spec.js" time="0.319">
<system-out>
<![CDATA[[90mundefined[39m
[90mundefined[39m
]]>
</system-out>
</testcase>
</testsuite>
<testsuite name="excelManipulation.spec.js" timestamp="2024-02-18T16:22:29.114Z" hostname="firefox" tests="2" failures="1" skipped="0" time="0.302" errors="0">
<testcase name="Read excel file contents" classname="excelManipulation.spec.js" time="0.131">
<system-out>
<![CDATA[[
  {
    username: [32m'U1'[39m,
    password: [32m'P1'[39m,
    firstname: [32m'TestFN1'[39m,
    lastname: [32m'TestLN1'[39m,
    address: [32m'Test ADDR1'[39m,
    postalcode: [33m123456[39m
  },
  {
    username: [32m'U2'[39m,
    password: [32m'P2'[39m,
    firstname: [32m'TestFN2'[39m,
    lastname: [32m'TestLN2'[39m,
    address: [32m'Test ADDR2'[39m,
    postalcode: [33m549875[39m
  },
  {
    username: [32m'U3'[39m,
    password: [32m'P3'[39m,
    firstname: [32m'TestFN3'[39m,
    lastname: [32m'TestLN3'[39m,
    address: [32m'Test ADDR3'[39m,
    postalcode: [33m473865[39m
  },
  {
    username: [32m'U4'[39m,
    password: [32m'P4'[39m,
    firstname: [32m'TestFN4'[39m,
    lastname: [32m'TestLN4'[39m,
    address: [32m'Test ADDR4'[39m,
    postalcode: [33m847533[39m
  },
  {
    username: [32m'U5'[39m,
    password: [32m'P5'[39m,
    firstname: [32m'TestFN5'[39m,
    lastname: [32m'TestLN5'[39m,
    address: [32m'Test ADDR5'[39m,
    postalcode: [33m548765[39m
  }
]
U1:P1
U2:P2
U3:P3
[33m3[39m
U3 present at index 3
]]>
</system-out>
</testcase>
<testcase name="Write excel file contents" classname="excelManipulation.spec.js" time="0.171">
<failure message="excelManipulation.spec.js:26:5 Write excel file contents" type="FAILURE">
<![CDATA[  [firefox] › excelManipulation.spec.js:26:5 › Write excel file contents ───────────────────────────

    Error: Worksheet with name |Sheet4| already exists!

       at ..\utils\common.js:18

      16 |         //const sheet = workbook.Sheets[workbook.SheetNames[0]];
      17 |         const jsonToSheet = XLSX.utils.json_to_sheet(dataToWrite);
    > 18 |         XLSX.utils.book_append_sheet(workbook,jsonToSheet,"Sheet4")
         |                    ^
      19 |         const data = XLSX.writeFile(workbook,fileName)
      20 |         console.log(data)
      21 |         return data;

        at Object.book_append_sheet (D:\playwrightjse2eautomation\node_modules\xlsx\xlsx.js:24227:45)
        at CommonUtils.writeExcel (D:\playwrightjse2eautomation\utils\common.js:18:20)
        at D:\playwrightjse2eautomation\tests\excelManipulation.spec.js:39:39
]]>
</failure>
</testcase>
</testsuite>
<testsuite name="excelManipulation.spec.js" timestamp="2024-02-18T16:22:29.114Z" hostname="webkit" tests="2" failures="1" skipped="0" time="0.316" errors="0">
<testcase name="Read excel file contents" classname="excelManipulation.spec.js" time="0.145">
<system-out>
<![CDATA[[
  {
    username: [32m'U1'[39m,
    password: [32m'P1'[39m,
    firstname: [32m'TestFN1'[39m,
    lastname: [32m'TestLN1'[39m,
    address: [32m'Test ADDR1'[39m,
    postalcode: [33m123456[39m
  },
  {
    username: [32m'U2'[39m,
    password: [32m'P2'[39m,
    firstname: [32m'TestFN2'[39m,
    lastname: [32m'TestLN2'[39m,
    address: [32m'Test ADDR2'[39m,
    postalcode: [33m549875[39m
  },
  {
    username: [32m'U3'[39m,
    password: [32m'P3'[39m,
    firstname: [32m'TestFN3'[39m,
    lastname: [32m'TestLN3'[39m,
    address: [32m'Test ADDR3'[39m,
    postalcode: [33m473865[39m
  },
  {
    username: [32m'U4'[39m,
    password: [32m'P4'[39m,
    firstname: [32m'TestFN4'[39m,
    lastname: [32m'TestLN4'[39m,
    address: [32m'Test ADDR4'[39m,
    postalcode: [33m847533[39m
  },
  {
    username: [32m'U5'[39m,
    password: [32m'P5'[39m,
    firstname: [32m'TestFN5'[39m,
    lastname: [32m'TestLN5'[39m,
    address: [32m'Test ADDR5'[39m,
    postalcode: [33m548765[39m
  }
]
U1:P1
U2:P2
U3:P3
[33m3[39m
U3 present at index 3
]]>
</system-out>
</testcase>
<testcase name="Write excel file contents" classname="excelManipulation.spec.js" time="0.171">
<failure message="excelManipulation.spec.js:26:5 Write excel file contents" type="FAILURE">
<![CDATA[  [webkit] › excelManipulation.spec.js:26:5 › Write excel file contents ────────────────────────────

    Error: Worksheet with name |Sheet4| already exists!

       at ..\utils\common.js:18

      16 |         //const sheet = workbook.Sheets[workbook.SheetNames[0]];
      17 |         const jsonToSheet = XLSX.utils.json_to_sheet(dataToWrite);
    > 18 |         XLSX.utils.book_append_sheet(workbook,jsonToSheet,"Sheet4")
         |                    ^
      19 |         const data = XLSX.writeFile(workbook,fileName)
      20 |         console.log(data)
      21 |         return data;

        at Object.book_append_sheet (D:\playwrightjse2eautomation\node_modules\xlsx\xlsx.js:24227:45)
        at CommonUtils.writeExcel (D:\playwrightjse2eautomation\utils\common.js:18:20)
        at D:\playwrightjse2eautomation\tests\excelManipulation.spec.js:39:39
]]>
</failure>
</testcase>
</testsuite>
</testsuites>